../Core/Src/main.c:92:6:Load_graph	56	static
../Core/Src/main.c:118:6:read_sensor	8	static
../Core/Src/main.c:131:6:display_graphs	8	static
../Core/Src/main.c:164:5:main	8	static
../Core/Src/main.c:220:6:SystemClock_Config	88	static
../Core/Src/main.c:266:13:MX_ADC1_Init	24	static
../Core/Src/main.c:318:13:MX_ETH_Init	8	static
../Core/Src/main.c:367:13:MX_I2C1_Init	8	static
../Core/Src/main.c:415:13:MX_TIM2_Init	32	static
../Core/Src/main.c:460:13:MX_USART3_UART_Init	8	static
../Core/Src/main.c:493:13:MX_USB_OTG_FS_PCD_Init	8	static
../Core/Src/main.c:528:13:MX_GPIO_Init	56	static
../Core/Src/main.c:583:6:HAL_GPIO_EXTI_Callback	16	static
../Core/Src/main.c:606:6:HAL_TIM_PeriodElapsedCallback	16	static
../Core/Src/main.c:625:6:Error_Handler	4	static,ignoring_inline_asm
