../Core/Src/main.c:90:5:main	8	static
../Core/Src/main.c:137:6:SystemClock_Config	88	static
../Core/Src/main.c:183:13:MX_ETH_Init	8	static
../Core/Src/main.c:232:13:MX_TIM2_Init	32	static
../Core/Src/main.c:277:13:MX_USART3_UART_Init	8	static
../Core/Src/main.c:310:13:MX_USB_OTG_FS_PCD_Init	8	static
../Core/Src/main.c:345:13:MX_GPIO_Init	56	static
../Core/Src/main.c:412:6:HAL_GPIO_EXTI_Callback	16	static
../Core/Src/main.c:450:6:HAL_TIM_PeriodElapsedCallback	16	static
../Core/Src/main.c:488:6:Error_Handler	4	static,ignoring_inline_asm
