../Core/Src/main.c:69:6:flash_led	8	static
../Core/Src/main.c:109:6:display_number	24	static
../Core/Src/main.c:146:5:main	8	static
../Core/Src/main.c:210:6:SystemClock_Config	88	static
../Core/Src/main.c:256:13:MX_ETH_Init	8	static
../Core/Src/main.c:305:13:MX_USART3_UART_Init	8	static
../Core/Src/main.c:338:13:MX_USB_OTG_FS_PCD_Init	8	static
../Core/Src/main.c:373:13:MX_GPIO_Init	56	static
../Core/Src/main.c:434:6:HAL_GPIO_EXTI_Callback	16	static
../Core/Src/main.c:473:6:Error_Handler	4	static,ignoring_inline_asm
