../Core/Src/main.c:69:6:flash_led	8	static
../Core/Src/main.c:109:6:display_number	24	static
../Core/Src/main.c:143:5:main	8	static
../Core/Src/main.c:207:6:SystemClock_Config	88	static
../Core/Src/main.c:253:13:MX_ETH_Init	8	static
../Core/Src/main.c:302:13:MX_USART3_UART_Init	8	static
../Core/Src/main.c:335:13:MX_USB_OTG_FS_PCD_Init	8	static
../Core/Src/main.c:370:13:MX_GPIO_Init	56	static
../Core/Src/main.c:431:6:HAL_GPIO_EXTI_Callback	16	static
../Core/Src/main.c:470:6:Error_Handler	4	static,ignoring_inline_asm
